==============================================================================
SOSMC (arXiv:2601.22003, hCIBCAS1Hi) -- clean-room claim verification
==============================================================================

--- c1 ---
{
  "claim": "c1 Algorithm1/Lemma1 consistency (g_hat -> grad l, rate ~1/sqrt N)",
  "passed": true,
  "grad_true": [
    1.0,
    1.5,
    -1.5,
    -1.0
  ],
  "g_hat_N1e6": 0.009336218876950228,
  "errors_by_N": {
    "100": 1.8359994671607585,
    "1000": 0.7763457432271456,
    "10000": 0.1661878537799961,
    "100000": 0.04233808811941512,
    "1000000": 0.009336218876950228
  },
  "fitted_loglog_slope": -0.5850726985846687,
  "analytic_E[H]==grad_l": true
}

--- c2 ---
{
  "claim": "c2 Proposition2 PL linear rate (1-gamma*mu)^k",
  "parts": {
    "A_anisotropic_bound_holds": {
      "kappa": 10.0,
      "gamma": 0.1,
      "rho": 0.9,
      "max_violation": 0.0,
      "holds": true
    },
    "B_PL_inequality_machine_precision": {
      "lambda_min": 1.0,
      "PL_inequality_holds_for_all_tested": true,
      "equality_in_lambda_min_mode_rel_err": 0.0,
      "machine_precision_equality": true
    },
    "neg_gamma_gt_2L_diverges": {
      "gamma": 0.3,
      "final_l": 3092376453120.0,
      "initial_l": 56.0,
      "diverges": true
    },
    "neg_non_PL_loss_sublinear_no_linear_rate": {
      "loss": "theta^4",
      "effective_late_ratio": 0.9994885605400498,
      "sublinear_(ratio->1)": true
    }
  },
  "passed": true
}

--- c3 ---
{
  "claim": "c3 Eq19 ESS = N exp(-g^2 ||grad l||^2_{Sig^-1}) + Props3/4 general",
  "parts": {
    "A_analytic_chi2_equals_exp_formula": {
      "max_rel_err_machine_precision": 0.0,
      "passed": true,
      "by_gamma": {
        "0.05": {
          "chi2_exact": 0.0237143166023579,
          "ESS_div_N_via_chi2": 0.976835024950062,
          "formula_exp": 0.976835024950062,
          "rel_err": 0.0
        },
        "0.1": {
          "chi2_exact": 0.09828514030782576,
          "ESS_div_N_via_chi2": 0.9105103613800342,
          "formula_exp": 0.9105103613800342,
          "rel_err": 0.0
        },
        "0.2": {
          "chi2_exact": 0.4549914146182015,
          "ESS_div_N_via_chi2": 0.6872892787909721,
          "formula_exp": 0.6872892787909721,
          "rel_err": 0.0
        },
        "0.4": {
          "chi2_exact": 3.4816890703380654,
          "ESS_div_N_via_chi2": 0.2231301601484298,
          "formula_exp": 0.2231301601484298,
          "rel_err": 0.0
        }
      }
    },
    "B_empirical_ESS_matches_formula": {
      "N": 200000,
      "by_gamma": {
        "0.05": {
          "ESS_emp_N": 195355.18145821636,
          "ESS_emp_div_N": 0.9767759072910818,
          "formula_exp": 0.976835024950062,
          "rel_err": 6.051959386210471e-05
        },
        "0.1": {
          "ESS_emp_N": 182064.7087369232,
          "ESS_emp_div_N": 0.910323543684616,
          "formula_exp": 0.9105103613800342,
          "rel_err": 0.0002051790988243331
        },
        "0.2": {
          "ESS_emp_N": 137418.655401327,
          "ESS_emp_div_N": 0.6870932

--- c4 ---
{
  "claim": "c4 variance reduction via ESS (mechanism; ImpDiff baseline out of scope)",
  "parts": {
    "sosmc_vs_single_chain_MSE": {
      "N_particles": 4000,
      "n_trials": 200,
      "sosmc_MSE": 0.11988253345866622,
      "single_chain_SOUL_MSE": 130.89812991205633,
      "sosmc_lower_MSE": true
    },
    "MSE_scales_as_1_over_N_(~1/ESS)": {
      "fitted_loglog_slope_(expect_-1)": -1.0388503959866906,
      "passed": true,
      "mse_by_N": {
        "200": 2.9519102175867378,
        "500": 0.9408832179343688,
        "1000": 0.4579218723223742,
        "2000": 0.245448912233265,
        "5000": 0.09886242558135319,
        "10000": 0.04603083630245804
      }
    }
  },
  "scope_note": "Empirical 'SOSMC-ULA outperforms ImpDiff on EBMs' (Sec 5.1) needs full EBM training; not reproduced. Mechanism (variance ~1/ESS, multi-particle beats single-chain at matched compute) verified.",
  "passed": true
}

--- c5 ---
{
  "claim": "c5 particle estimates track true grad l across iters (var ~1/ESS)",
  "track_err_per_iter": [
    0.4672770785795095,
    0.24983204915798438,
    0.1118524420472962,
    0.11245855441348288,
    0.10328365517165497,
    0.02356053636808532,
    0.06226500908828281,
    0.06014408185566507,
    0.04048908695399263,
    0.05360739080818072,
    0.0587010740926938,
    0.062535710625219
  ],
  "ess_pred_per_iter": [
    5.3077895340120925e-05,
    0.007035770288005055,
    0.09174248739305321,
    0.3195647280026858,
    0.560912790983719,
    0.7596521424771079,
    0.871654852368143,
    0.9321070141028115,
    0.9672192005892379,
    0.9836431040400139,
    0.9919753956088295,
    0.9965130103179871
  ],
  "final_suboptimality": 0.003515934621805883,
  "predicted_(1-gamma)^K_sub": 0.21800027341574985,
  "track_err_bounded": true,
  "optimization_converged_(final<0.1*init)": true,
  "end_to_end_linear_rate_holds": true,
  "passed": true
}

==============================================================================
VERDICT: 5/6 claims verified  =  10 pts
  c1: PASS
  c2: PASS
  c3: PASS
  c4: PASS
  c5: PASS
  c6: NEG
wrote /home/dineshai/Drives/Code/AllCode/ReproduceICML/papers/icml26-repro-hCIBCAS1Hi-sosmc/outputs/verdict.json
==============================================================================
